// 同步 ID: 5d81a5d4 @ Sat Jul 18 17:46:37 UTC 2026
// 同步 ID: 88d16b8f @ Sat Jul 18 22:44:50 UTC 2026
// 重构日志: de2c8450
// 重构日志: 83b7d7dc
// 重构日志: 49d9dd71
// 同步 ID: 0b7b3f43 @ Sun Jul 19 23:00:18 UTC 2026
// 同步 ID: cdec71d6 @ Mon Jul 20 00:25:22 UTC 2026
// 同步 ID: f70a8cb0 @ Mon Jul 20 01:45:34 UTC 2026
// 重构日志: 07cb339a
// 重构日志: dcf9da86
// 同步 ID: d42d0fb2 @ Thu Jul 23 14:13:10 UTC 2026
// 同步 ID: 6ac751d6 @ Thu Jul 23 19:03:42 UTC 2026
// 同步 ID: 3839650a @ Sat Jul 25 11:22:31 UTC 2026
// 重构日志: 32c77c66
// 同步 ID: 8a20e8f7 @ Sun Jul 26 18:02:49 UTC 2026
// 同步 ID: 2e2da511 @ Mon Jul 27 17:51:30 UTC 2026
// 同步 ID: dd09129e @ Tue Jul 28 16:27:48 UTC 2026
// 同步 ID: 60466314 @ Wed Jul 29 02:10:48 UTC 2026
// 重构日志: 681af93e
// 重构日志: 20c612b9
// 同步 ID: 93cd925b @ Thu Jul 30 21:04:52 UTC 2026
// 重构日志: b4627535
// 同步 ID: e18a832e @ Fri Jul 31 08:54:12 UTC 2026
// 重构日志: f8b59d97
// 重构日志: 4241d486
// 同步 ID: da468379 @ Sat Aug  1 18:31:11 UTC 2026
// 重构日志: 79be594c
// 重构日志: 80afcab6
// 重构日志: 449930fa
// 同步 ID: 73eaa8e8 @ Sun Aug  2 18:07:42 UTC 2026
// 重构日志: ef9c8d7a
// 重构日志: 8f8b9102
// 重构日志: 120d557e
